// Jest Snapshot v1, https://goo.gl/fbAQLP

exports[`# Recipe Should fetch and render recipe with details image, title, description, tags and chef 1`] = `
<div>
  <header
    class="sc-bczSft fMDLdz"
  >
    <div
      class="sc-gsnScm gKnCNt"
    >
      <a
        class="sc-dkzCjb jEMETj"
        href="/"
      >
        <h2>
          Recipes Menu
        </h2>
      </a>
    </div>
  </header>
  <main
    class="sc-hKMtDE keuPlN"
  >
    <div
      class="sc-ewahw juHGKe"
      data-testid="recipe-container"
    >
      <div
        class="sc-bretMz biXBIq"
        data-testid="recipe-content"
      >
        <div
          class="sc-ksZauW Nfqru"
        >
          <img
            alt="Crispy Chicken and Rice	with Peas & Arugula Salad"
            data-testid="recipe-image"
            src="//images.ctfassets.net/kk2bw5ojx476/5mFyTozvSoyE0Mqseoos86/fb88f4302cfd184492e548cde11a2555/SKU1479_Hero_077-71d8a07ff8e79abcb0e6c0ebf0f3b69c.jpg"
          />
        </div>
        <div
          class="sc-hAZoWV bPlLPa"
        >
          <h1
            class="sc-fnymgw ggWEfn"
            data-testid="recipe-title"
          >
            Crispy Chicken and Rice	with Peas & Arugula Salad
          </h1>
          <div
            class="sc-fEOqom bpDBlu"
            data-testid="recipe-description"
          >
            <span
              class="markdown"
              data-testid="markdown"
            >
              Crispy chicken skin, tender meat, and rich, tomatoey sauce form a winning trifecta of delicious in this one-pot braise. We spoon it over rice and peas to soak up every last drop of goodness, and serve a tangy arugula salad alongside for a vibrant boost of flavor and color. Dinner is served! Cook, relax, and enjoy!
            </span>
          </div>
          <div
            class="sc-idiyyg iUDwXW"
          >
            <span
              class="sc-bjUoET dxlYDC"
            >
              Tags:
            </span>
            <div
              class="sc-jqUWZQ kSNpbf"
              data-testid="rating-container"
            >
              <button
                class="sc-kDDqET fgsgTg"
                data-testid="rating-1"
              >
                <svg
                  height="24"
                  style="color: rgba(0, 0, 0, 0.26);"
                  viewBox="0 0 24 24"
                  width="24"
                >
                  <path
                    d="M12 17.27 18.18 21l-1.64-7.03L22 9.24l-7.19-.61L12 2 9.19 8.63 2 9.24l5.46 4.73L5.82 21z"
                  />
                </svg>
              </button>
              <button
                class="sc-kDDqET fgsgTg"
                data-testid="rating-2"
              >
                <svg
                  height="24"
                  style="color: rgba(0, 0, 0, 0.26);"
                  viewBox="0 0 24 24"
                  width="24"
                >
                  <path
                    d="M12 17.27 18.18 21l-1.64-7.03L22 9.24l-7.19-.61L12 2 9.19 8.63 2 9.24l5.46 4.73L5.82 21z"
                  />
                </svg>
              </button>
              <button
                class="sc-kDDqET fgsgTg"
                data-testid="rating-3"
              >
                <svg
                  height="24"
                  style="color: rgba(0, 0, 0, 0.26);"
                  viewBox="0 0 24 24"
                  width="24"
                >
                  <path
                    d="M12 17.27 18.18 21l-1.64-7.03L22 9.24l-7.19-.61L12 2 9.19 8.63 2 9.24l5.46 4.73L5.82 21z"
                  />
                </svg>
              </button>
              <button
                class="sc-kDDqET fgsgTg"
                data-testid="rating-4"
              >
                <svg
                  height="24"
                  style="color: rgba(0, 0, 0, 0.26);"
                  viewBox="0 0 24 24"
                  width="24"
                >
                  <path
                    d="M12 17.27 18.18 21l-1.64-7.03L22 9.24l-7.19-.61L12 2 9.19 8.63 2 9.24l5.46 4.73L5.82 21z"
                  />
                </svg>
              </button>
              <button
                class="sc-kDDqET fgsgTg"
                data-testid="rating-5"
              >
                <svg
                  height="24"
                  style="color: rgba(0, 0, 0, 0.26);"
                  viewBox="0 0 24 24"
                  width="24"
                >
                  <path
                    d="M12 17.27 18.18 21l-1.64-7.03L22 9.24l-7.19-.61L12 2 9.19 8.63 2 9.24l5.46 4.73L5.82 21z"
                  />
                </svg>
              </button>
              <input
                class="sc-iqcnOu ZBJeF"
                data-testid="rating"
                name="rating"
                type="radio"
                value="0"
              />
            </div>
          </div>
          <div
            class="sc-dIowON foa-dbp"
            data-testid="recipe-tags-container"
          >
            <span
              class="sc-bjUoET dxlYDC"
            >
              Tags:
            </span>
            <div
              class="sc-hHLcUO ibRqdA"
              data-testid="recipe-tags"
            >
              <div
                data-testid="recipe-tag"
              >
                gluten free
              </div>
              <div
                data-testid="recipe-tag"
              >
                healthy
              </div>
            </div>
          </div>
          <div
            class="sc-dmRblv JPCsC"
            data-testid="recipe-chef"
          >
            <span
              class="sc-bjUoET dxlYDC"
            >
              Chef:
            </span>
            <span>
              Jony Chives
            </span>
          </div>
        </div>
      </div>
    </div>
  </main>
</div>
`;
